// Jest Snapshot v1, https://goo.gl/fbAQLP

exports[`BackgroundImageHolder renders correctly 1`] = `
<div>
  <div
    className="background-image-holder blur-2--no-remove blur-10 remove-blur"
  >
    <img
      alt="A Homer Commentary in Progress - Commentator"
      className="background-image"
      src="test"
    />
  </div>
  <div
    className="block-screen brown"
  />
</div>
`;
