// Jest Snapshot v1, https://goo.gl/fbAQLP

exports[`AnnotationTextNode renders correctly 1`] = `null`;
